\BOOKMARK [1][-]{section*.2}{Introduction}{}% 1
\BOOKMARK [1][-]{section.1}{D\351marrage\040rapide}{}% 2
\BOOKMARK [2][-]{subsection.1.1}{Conditions\040pr\351alables}{section.1}% 3
\BOOKMARK [2][-]{subsection.1.2}{\311tape\0401\040\205\040Installer\040TrajCenter}{section.1}% 4
\BOOKMARK [2][-]{subsection.1.3}{\311tape\0402\040\205\040Cr\351er\040le\040fichier\040de\040configuration}{section.1}% 5
\BOOKMARK [2][-]{subsection.1.4}{\311tape\0403\040\205\040Pr\351parer\040la\040configuration\040RAPID}{section.1}% 6
\BOOKMARK [2][-]{subsection.1.5}{\311tape\0404\040\205\040Convertir\040une\040trajectoire}{section.1}% 7
\BOOKMARK [2][-]{subsection.1.6}{\311tape\0405\040\205\040V\351rifier\040le\040contenu\040du\040store}{section.1}% 8
\BOOKMARK [2][-]{subsection.1.7}{\311tape\0406\040\205\040D\351marrer\040le\040superviseur}{section.1}% 9
\BOOKMARK [2][-]{subsection.1.8}{\311tape\0407\040\205\040Demander\040la\040trajectoire\040depuis\040RAPID}{section.1}% 10
\BOOKMARK [2][-]{subsection.1.9}{\311tape\0408\040\205\040V\351rifier\040avant\040l'ex\351cution}{section.1}% 11
\BOOKMARK [2][-]{subsection.1.10}{R\351sum\351\040du\040premier\040cycle}{section.1}% 12
\BOOKMARK [1][-]{section.2}{Installation\040et\040utilisation\040c\364t\351\040PC}{}% 13
\BOOKMARK [2][-]{subsection.2.1}{Installation}{section.2}% 14
\BOOKMARK [3][-]{subsubsection.2.1.1}{Pr\351requis}{subsection.2.1}% 15
\BOOKMARK [3][-]{subsubsection.2.1.2}{Organisation\040des\040r\351pertoires\040utilisateur}{subsection.2.1}% 16
\BOOKMARK [3][-]{subsubsection.2.1.3}{Choix\040de\040l'environnement\040Pixi}{subsection.2.1}% 17
\BOOKMARK [3][-]{subsubsection.2.1.4}{Installation\040d'un\040poste\040de\040pr\351paration}{subsection.2.1}% 18
\BOOKMARK [3][-]{subsubsection.2.1.5}{Installation\040d'un\040PC\040connect\351\040au\040robot}{subsection.2.1}% 19
\BOOKMARK [3][-]{subsubsection.2.1.6}{Installations\040sp\351cialis\351es}{subsection.2.1}% 20
\BOOKMARK [3][-]{subsubsection.2.1.7}{V\351rification\040de\040l'installation}{subsection.2.1}% 21
\BOOKMARK [2][-]{subsection.2.2}{Configuration\040du\040poste\040et\040du\040robot\040cibl\351}{section.2}% 22
\BOOKMARK [3][-]{subsubsection.2.2.1}{Qui\040configure\040quoi\040?}{subsection.2.2}% 23
\BOOKMARK [3][-]{subsubsection.2.2.2}{Priorit\351\040des\040param\350tres}{subsection.2.2}% 24
\BOOKMARK [3][-]{subsubsection.2.2.3}{Param\350tres\040configurables\040par\040l'utilisateur}{subsection.2.2}% 25
\BOOKMARK [3][-]{subsubsection.2.2.4}{Cr\351ation\040du\040fichier\040de\040configuration}{subsection.2.2}% 26
\BOOKMARK [3][-]{subsubsection.2.2.5}{Param\350tres\040qui\040ne\040doivent\040pas\040\352tre\040plac\351s\040dans\040le\040fichier\040.env}{subsection.2.2}% 27
\BOOKMARK [2][-]{subsection.2.3}{Conversion\040d'une\040trajectoire}{section.2}% 28
\BOOKMARK [3][-]{subsubsection.2.3.1}{Formats\040pris\040en\040charge}{subsection.2.3}% 29
\BOOKMARK [3][-]{subsubsection.2.3.2}{Conversion\040avec\040le\040CLI}{subsection.2.3}% 30
\BOOKMARK [3][-]{subsubsection.2.3.3}{Portabilit\351\040et\040compatibilit\351}{subsection.2.3}% 31
\BOOKMARK [2][-]{subsection.2.4}{Gestion\040du\040store\040local}{section.2}% 32
\BOOKMARK [3][-]{subsubsection.2.4.1}{Lister\040les\040trajectoires}{subsection.2.4}% 33
\BOOKMARK [3][-]{subsubsection.2.4.2}{Inspecter\040une\040trajectoire}{subsection.2.4}% 34
\BOOKMARK [2][-]{subsection.2.5}{Supervision\040d'un\040robot\040ABB}{section.2}% 35
\BOOKMARK [3][-]{subsubsection.2.5.1}{Pr\351requis\040de\040communication}{subsection.2.5}% 36
\BOOKMARK [3][-]{subsubsection.2.5.2}{R\364le\040du\040robot\040pendant\040le\040transfert}{subsection.2.5}% 37
\BOOKMARK [3][-]{subsubsection.2.5.3}{Lancement\040avec\040un\040fichier\040de\040configuration}{subsection.2.5}% 38
\BOOKMARK [3][-]{subsubsection.2.5.4}{Surcharges\040ponctuelles}{subsection.2.5}% 39
\BOOKMARK [3][-]{subsubsection.2.5.5}{Fonctionnement\040de\040la\040supervision}{subsection.2.5}% 40
\BOOKMARK [3][-]{subsubsection.2.5.6}{Journaux\040et\040codes\040de\040retour}{subsection.2.5}% 41
\BOOKMARK [2][-]{subsection.2.6}{Export\040d'une\040trajectoire}{section.2}% 42
\BOOKMARK [2][-]{subsection.2.7}{Interface\040terminal}{section.2}% 43
\BOOKMARK [3][-]{subsubsection.2.7.1}{Lancement\040de\040la\040TUI}{subsection.2.7}% 44
\BOOKMARK [3][-]{subsubsection.2.7.2}{\311cran\040d'accueil}{subsection.2.7}% 45
\BOOKMARK [3][-]{subsubsection.2.7.3}{Menu\040principal}{subsection.2.7}% 46
\BOOKMARK [3][-]{subsubsection.2.7.4}{Navigation\040au\040clavier}{subsection.2.7}% 47
\BOOKMARK [3][-]{subsubsection.2.7.5}{\311cran\040de\040conversion}{subsection.2.7}% 48
\BOOKMARK [3][-]{subsubsection.2.7.6}{\311cran\040d'export}{subsection.2.7}% 49
\BOOKMARK [3][-]{subsubsection.2.7.7}{\311cran\040du\040store\040local}{subsection.2.7}% 50
\BOOKMARK [3][-]{subsubsection.2.7.8}{\311cran\040des\040param\350tres}{subsection.2.7}% 51
\BOOKMARK [3][-]{subsubsection.2.7.9}{\311cran\040de\040supervision\040robot}{subsection.2.7}% 52
\BOOKMARK [2][-]{subsection.2.8}{R\351f\351rence\040de\040la\040ligne\040de\040commande}{section.2}% 53
\BOOKMARK [1][-]{section.3}{Utilisation\040c\364t\351\040RAPID}{}% 54
\BOOKMARK [2][-]{subsection.3.1}{Installation\040et\040principe\040de\040fonctionnement}{section.3}% 55
\BOOKMARK [3][-]{subsubsection.3.1.1}{Installation\040du\040module\040sur\040le\040contr\364leur}{subsection.3.1}% 56
\BOOKMARK [3][-]{subsubsection.3.1.2}{Principe\040d'une\040requ\352te\040RAPID}{subsection.3.1}% 57
\BOOKMARK [3][-]{subsubsection.3.1.3}{Conditions\040n\351cessaires\040au\040fonctionnement}{subsection.3.1}% 58
\BOOKMARK [2][-]{subsection.3.2}{Configuration\040de\040la\040cellule}{section.3}% 59
\BOOKMARK [3][-]{subsubsection.3.2.1}{Initialisation\040de\040l'API}{subsection.3.2}% 60
\BOOKMARK [3][-]{subsubsection.3.2.2}{D\351claration\040des\040tools\040et\040des\040workobjects}{subsection.3.2}% 61
\BOOKMARK [3][-]{subsubsection.3.2.3}{Maintenance\040des\040tools\040et\040des\040workobjects}{subsection.3.2}% 62
\BOOKMARK [3][-]{subsubsection.3.2.4}{Configuration\040des\040valeurs\040par\040d\351faut}{subsection.3.2}% 63
\BOOKMARK [3][-]{subsubsection.3.2.5}{Routine\040de\040configuration\040recommand\351e}{subsection.3.2}% 64
\BOOKMARK [2][-]{subsection.3.3}{Chargement\040d'une\040trajectoire}{section.3}% 65
\BOOKMARK [3][-]{subsubsection.3.3.1}{Rafra\356chissement\040des\040m\351tadonn\351es}{subsection.3.3}% 66
\BOOKMARK [3][-]{subsubsection.3.3.2}{S\351lection\040par\040nom}{subsection.3.3}% 67
\BOOKMARK [3][-]{subsubsection.3.3.3}{S\351lection\040par\040index}{subsection.3.3}% 68
\BOOKMARK [3][-]{subsubsection.3.3.4}{Invalidation\040du\040payload\040pr\351c\351dent}{subsection.3.3}% 69
\BOOKMARK [3][-]{subsubsection.3.3.5}{Publication\040du\040nouveau\040payload}{subsection.3.3}% 70
\BOOKMARK [3][-]{subsubsection.3.3.6}{Attente\040de\040la\040fin\040du\040transfert}{subsection.3.3}% 71
\BOOKMARK [3][-]{subsubsection.3.3.7}{Contr\364le\040du\040type\040de\040process\040charg\351}{subsection.3.3}% 72
\BOOKMARK [3][-]{subsubsection.3.3.8}{\311tats\040et\040diagnostic\040du\040transfert}{subsection.3.3}% 73
\BOOKMARK [2][-]{subsection.3.4}{Inspection\040des\040donn\351es\040charg\351es}{section.3}% 74
\BOOKMARK [3][-]{subsubsection.3.4.1}{Contenu\040d'un\040point}{subsection.3.4}% 75
\BOOKMARK [3][-]{subsubsection.3.4.2}{Bornes\040valides}{subsection.3.4}% 76
\BOOKMARK [3][-]{subsubsection.3.4.3}{Routines\040d'acc\350s}{subsection.3.4}% 77
\BOOKMARK [3][-]{subsubsection.3.4.4}{Acc\350s\040aux\040param\350tres\040process}{subsection.3.4}% 78
\BOOKMARK [2][-]{subsection.3.5}{Ex\351cution\040d'une\040trajectoire}{section.3}% 79
\BOOKMARK [3][-]{subsubsection.3.5.1}{Pr\351cautions\040avant\040l'ex\351cution}{subsection.3.5}% 80
\BOOKMARK [3][-]{subsubsection.3.5.2}{Ex\351cution\040avec\040l'API\040unifi\351e}{subsection.3.5}% 81
\BOOKMARK [3][-]{subsubsection.3.5.3}{Mouvements\040circulaires}{subsection.3.5}% 82
\BOOKMARK [3][-]{subsubsection.3.5.4}{Comportement\040des\040hooks\040process}{subsection.3.5}% 83
\BOOKMARK [2][-]{subsection.3.6}{Exemple\040complet\040d'int\351gration}{section.3}% 84
\BOOKMARK [2][-]{subsection.3.7}{Proc\351dure\040d'utilisation\040courante}{section.3}% 85
\BOOKMARK [1][-]{section.4}{Diagnostic\040et\040r\351solution\040des\040erreurs}{}% 86
\BOOKMARK [2][-]{subsection.4.1}{M\351thode\040g\351n\351rale\040de\040diagnostic}{section.4}% 87
\BOOKMARK [2][-]{subsection.4.2}{Impossible\040de\040se\040connecter\040au\040contr\364leur}{section.4}% 88
\BOOKMARK [2][-]{subsection.4.3}{Erreur\040d'authentification}{section.4}% 89
\BOOKMARK [2][-]{subsection.4.4}{Mastership\040refus\351e}{section.4}% 90
\BOOKMARK [2][-]{subsection.4.5}{Store\040local\040introuvable\040ou\040vide}{section.4}% 91
\BOOKMARK [2][-]{subsection.4.6}{Trajectoire\040inconnue}{section.4}% 92
\BOOKMARK [2][-]{subsection.4.7}{Tool\040ou\040workobject\040absent}{section.4}% 93
\BOOKMARK [2][-]{subsection.4.8}{Trajectoire\040trop\040grande}{section.4}% 94
\BOOKMARK [2][-]{subsection.4.9}{Requ\352te\040RAPID\040restant\040\340\040TRUE}{section.4}% 95
\BOOKMARK [2][-]{subsection.4.10}{Timeout\040RAPID}{section.4}% 96
\BOOKMARK [2][-]{subsection.4.11}{Superviseur\040arr\352t\351}{section.4}% 97
\BOOKMARK [2][-]{subsection.4.12}{Module\040ou\040t\342che\040RAPID\040incorrects}{section.4}% 98
\BOOKMARK [2][-]{subsection.4.13}{Autres\040erreurs\040de\040validation\040de\040trajectoire}{section.4}% 99
\BOOKMARK [2][-]{subsection.4.14}{Erreurs\040internes,\040de\040s\351rialisation\040ou\040de\040r\351ponse\040RWS}{section.4}% 100
\BOOKMARK [2][-]{subsection.4.15}{Reprise\040apr\350s\040une\040erreur}{section.4}% 101
\BOOKMARK [1][-]{section.5}{R\351f\351rence\040technique\040et\040int\351gration\040RAPID\040avanc\351e}{}% 102
\BOOKMARK [2][-]{subsection.5.1}{Architecture\040du\040module\040syst\350me}{section.5}% 103
\BOOKMARK [3][-]{subsubsection.5.1.1}{R\364le\040et\040contenu\040du\040module}{subsection.5.1}% 104
\BOOKMARK [3][-]{subsubsection.5.1.2}{Flux\040fonctionnel\040des\040donn\351es}{subsection.5.1}% 105
\BOOKMARK [3][-]{subsubsection.5.1.3}{Validit\351\040du\040payload\040charg\351}{subsection.5.1}% 106
\BOOKMARK [3][-]{subsubsection.5.1.4}{Compatibilit\351\040des\040versions}{subsection.5.1}% 107
\BOOKMARK [2][-]{subsection.5.2}{API\040RAPID\040publique}{section.5}% 108
\BOOKMARK [2][-]{subsection.5.3}{Int\351gration\040des\040param\350tres\040process}{section.5}% 109
\BOOKMARK [3][-]{subsubsection.5.3.1}{Catalogue\040des\040process\040ex\351cutables}{subsection.5.3}% 110
\BOOKMARK [3][-]{subsubsection.5.3.2}{Acc\350s\040contr\364l\351\040aux\040param\350tres\040process}{subsection.5.3}% 111
\BOOKMARK [3][-]{subsubsection.5.3.3}{Impl\351mentation\040d'un\040process\040m\351tier}{subsection.5.3}% 112
\BOOKMARK [2][-]{subsection.5.4}{Routines\040internes\040et\040graphe\040d'appels}{section.5}% 113
\BOOKMARK [3][-]{subsubsection.5.4.1}{Principales\040routines\040de\040support}{subsection.5.4}% 114
\BOOKMARK [3][-]{subsubsection.5.4.2}{Moteur\040commun\040de\040mouvement}{subsection.5.4}% 115
\BOOKMARK [3][-]{subsubsection.5.4.3}{Graphe\040d'appels}{subsection.5.4}% 116
\BOOKMARK [2][-]{subsection.5.5}{R\350gles\040de\040modification\040du\040module}{section.5}% 117
\BOOKMARK [3][-]{subsubsection.5.5.1}{Modifications\040propres\040\340\040la\040cellule}{subsection.5.5}% 118
\BOOKMARK [3][-]{subsubsection.5.5.2}{Ajout\040ou\040activation\040d'un\040process}{subsection.5.5}% 119
\BOOKMARK [3][-]{subsubsection.5.5.3}{Modifications\040du\040protocole}{subsection.5.5}% 120
